// Jest Snapshot v1, https://goo.gl/fbAQLP

exports[`<ReservaDatos /> Deberia mostrar <ReservaDatos/> correctamente 1`] = `
<form
  action=""
>
  <div
    className="form-top"
  >
    <div
      className="form-datos"
    >
      <label>
        Nombre:
      </label>
      <input
        disabled="disabled"
        id="nombre"
        name="nombre"
        type="text"
        value=""
      />
    </div>
    <div
      className="form-datos"
    >
      <label>
        Apellido:
      </label>
      <input
        disabled="disabled"
        id="apellido"
        name="apellido"
        type="text"
        value=""
      />
    </div>
    <div
      className="form-datos"
    >
      <label>
        Correo Electronico:
      </label>
      <input
        disabled="disabled"
        id="email"
        name="email"
        type="text"
        value=""
      />
    </div>
    <div
      className="form-datos"
    >
      <label>
        * Ciudad:
      </label>
      <input
        id="ciudad"
        name="ciudad"
        type="text"
      />
    </div>
  </div>
  <div
    className="form-botton"
  >
    <div
      className="form-mensaje"
    >
      <label
        htmlFor="msjDueño"
      >
        Mensaje para el dueño:
      </label>
      <textarea
        id="msjDueño"
        name="msjDueño"
      />
    </div>
    <div
      className="obligatorio"
    >
      <div
        className="form-covid"
      >
        <input
          id="covid-si"
          name="covid"
          type="radio"
        />
        <label>
          Si
        </label>
        <input
          id="covid-no"
          name="covid"
          type="radio"
        />
        <label>
          No
        </label>
        <label>
          * ¿Estas vacunado para el Covid-19?
        </label>
      </div>
      <p>
        Los campos con * son obligatorios
      </p>
    </div>
  </div>
</form>
`;
